INFO:     Will watch for changes in these directories: ['/workspaces/control_tower/systems3-project-reporter']
INFO:     Uvicorn running on http://0.0.0.0:8000 (Press CTRL+C to quit)
INFO:     Started reloader process [43187] using WatchFiles
INFO:main:Base directory: /workspaces/control_tower/systems3-project-reporter
INFO:main:Static directory: /workspaces/control_tower/systems3-project-reporter/static
INFO:main:Templates directory: /workspaces/control_tower/systems3-project-reporter/templates
INFO:main:Mock data directory: /workspaces/control_tower/systems3-project-reporter/mock_data
INFO:main:Data directory: /workspaces/control_tower/systems3-project-reporter/mock_data
INFO:main:DATA_STORAGE_PATH env var: NOT SET
INFO:main:✅ No-cache middleware enabled for HTML responses
INFO:main:✅ Authentication middleware enabled
INFO:repositories.risk_repository:RiskRepository initialized with storage_dir: /workspaces/control_tower/systems3-project-reporter/data/risks
INFO:repositories.risk_repository:DATA_STORAGE_PATH env var: NOT SET
INFO:repositories.risk_repository:DATA_STORAGE_PATH env var: NOT SET
INFO:main:✅ Authentication routes enabled
INFO:main:✅ Canvas Editor Phase 2 enabled
INFO:repositories.custom_metrics_repository:CustomMetricsRepository initialized: data/custom_metrics
INFO:main:✅ Custom Metrics server-side persistence enabled
INFO:repositories.schedule_repository:ScheduleRepository initialized: /workspaces/control_tower/systems3-project-reporter/mock_data/schedules
INFO:main:✅ Schedule feature enabled
INFO:repositories.document_repository:DocumentRepository initialized: /workspaces/control_tower/systems3-project-reporter/mock_data/documents
INFO:main:✅ Documents feature enabled
INFO:repositories.risk_repository:RiskRepository initialized with storage_dir: /workspaces/control_tower/systems3-project-reporter/data/risks
INFO:repositories.risk_repository:DATA_STORAGE_PATH env var: NOT SET
INFO:repositories.risk_repository:DATA_STORAGE_PATH env var: NOT SET
INFO:main:✅ Enhanced PowerPoint Reports feature enabled
INFO:main:✅ Subscription and Stripe features enabled
INFO:     Started server process [43208]
INFO:     Waiting for application startup.
INFO:main:Starting Systems³ Project Reporter...
INFO:main:Python version: 3.12.11 (main, Jul 22 2025, 04:27:29) [GCC 10.2.1 20210110]
INFO:main:PORT: not set
INFO:init_data:✅ Data already initialized
INFO:root:✅ Loaded 3 projects from /workspaces/control_tower/systems3-project-reporter/mock_data
INFO:main:Loaded 3 projects successfully
INFO:main:Project ZCP-P1: 0 milestones, 0 risks
INFO:main:Project ZLD-P1: 184 milestones, 0 risks
INFO:main:Project AMP-P1: 46 milestones, 0 risks
INFO:main:Systems³ Project Reporter started successfully!
INFO:     Application startup complete.
⚠️  WARNING: Using placeholder Stripe API key. Please set STRIPE_SECRET_KEY in .env
   Get your keys from: https://dashboard.stripe.com/test/apikeys
INFO:     127.0.0.1:41186 - "GET /health HTTP/1.1" 200 OK
INFO:     127.0.0.1:32978 - "GET /dashboard/gantt?project=ZLD-P1 HTTP/1.1" 303 See Other
INFO:     127.0.0.1:44912 - "GET /health HTTP/1.1" 200 OK
INFO:     127.0.0.1:57214 - "GET /dashboard/gantt?project=ZLD-P1 HTTP/1.1" 303 See Other
INFO:     127.0.0.1:52156 - "GET /dashboard/gantt?project=ZLD-P1 HTTP/1.1" 303 See Other
INFO:     127.0.0.1:46882 - "GET /api/documents/ZLD-P1 HTTP/1.1" 401 Unauthorized
INFO:     127.0.0.1:46896 - "GET /dashboard/gantt?project=ZLD-P1 HTTP/1.1" 303 See Other
INFO:     127.0.0.1:52600 - "GET /dashboard/gantt?project=ZLD-P1 HTTP/1.1" 303 See Other
INFO:     127.0.0.1:59286 - "GET /health HTTP/1.1" 200 OK
INFO:     127.0.0.1:57874 - "GET /dashboard/gantt?project=ZLD-P1 HTTP/1.1" 303 See Other
INFO:     127.0.0.1:48022 - "GET /dashboard/gantt?project=ZLD-P1 HTTP/1.1" 303 See Other
INFO:     127.0.0.1:53240 - "GET /dashboard/gantt?project=ZLD-P1 HTTP/1.1" 303 See Other
WARNING:  WatchFiles detected changes in 'routers/upload.py'. Reloading...
INFO:     Shutting down
INFO:     Waiting for application shutdown.
INFO:     Application shutdown complete.
INFO:     Finished server process [43208]
INFO:main:Base directory: /workspaces/control_tower/systems3-project-reporter
INFO:main:Static directory: /workspaces/control_tower/systems3-project-reporter/static
INFO:main:Templates directory: /workspaces/control_tower/systems3-project-reporter/templates
INFO:main:Mock data directory: /workspaces/control_tower/systems3-project-reporter/mock_data
INFO:main:Data directory: /workspaces/control_tower/systems3-project-reporter/mock_data
INFO:main:DATA_STORAGE_PATH env var: NOT SET
INFO:main:✅ No-cache middleware enabled for HTML responses
INFO:main:✅ Authentication middleware enabled
INFO:repositories.risk_repository:RiskRepository initialized with storage_dir: /workspaces/control_tower/systems3-project-reporter/data/risks
INFO:repositories.risk_repository:DATA_STORAGE_PATH env var: NOT SET
INFO:repositories.risk_repository:DATA_STORAGE_PATH env var: NOT SET
INFO:main:✅ Authentication routes enabled
INFO:main:✅ Canvas Editor Phase 2 enabled
INFO:repositories.custom_metrics_repository:CustomMetricsRepository initialized: data/custom_metrics
INFO:main:✅ Custom Metrics server-side persistence enabled
INFO:repositories.schedule_repository:ScheduleRepository initialized: /workspaces/control_tower/systems3-project-reporter/mock_data/schedules
INFO:main:✅ Schedule feature enabled
INFO:repositories.document_repository:DocumentRepository initialized: /workspaces/control_tower/systems3-project-reporter/mock_data/documents
INFO:main:✅ Documents feature enabled
INFO:repositories.risk_repository:RiskRepository initialized with storage_dir: /workspaces/control_tower/systems3-project-reporter/data/risks
INFO:repositories.risk_repository:DATA_STORAGE_PATH env var: NOT SET
INFO:repositories.risk_repository:DATA_STORAGE_PATH env var: NOT SET
INFO:main:✅ Enhanced PowerPoint Reports feature enabled
INFO:main:✅ Subscription and Stripe features enabled
INFO:     Started server process [84871]
INFO:     Waiting for application startup.
INFO:main:Starting Systems³ Project Reporter...
INFO:main:Python version: 3.12.11 (main, Jul 22 2025, 04:27:29) [GCC 10.2.1 20210110]
INFO:main:PORT: not set
INFO:init_data:✅ Data already initialized
INFO:root:✅ Loaded 3 projects from /workspaces/control_tower/systems3-project-reporter/mock_data
INFO:main:Loaded 3 projects successfully
INFO:main:Project ZCP-P1: 0 milestones, 0 risks
INFO:main:Project ZLD-P1: 184 milestones, 0 risks
INFO:main:Project AMP-P1: 46 milestones, 0 risks
INFO:main:Systems³ Project Reporter started successfully!
INFO:     Application startup complete.
WARNING:  WatchFiles detected changes in 'routers/upload.py'. Reloading...
INFO:     Shutting down
INFO:     Waiting for application shutdown.
INFO:     Application shutdown complete.
INFO:     Finished server process [84871]
⚠️  WARNING: Using placeholder Stripe API key. Please set STRIPE_SECRET_KEY in .env
   Get your keys from: https://dashboard.stripe.com/test/apikeys
INFO:main:Base directory: /workspaces/control_tower/systems3-project-reporter
INFO:main:Static directory: /workspaces/control_tower/systems3-project-reporter/static
INFO:main:Templates directory: /workspaces/control_tower/systems3-project-reporter/templates
INFO:main:Mock data directory: /workspaces/control_tower/systems3-project-reporter/mock_data
INFO:main:Data directory: /workspaces/control_tower/systems3-project-reporter/mock_data
INFO:main:DATA_STORAGE_PATH env var: NOT SET
INFO:main:✅ No-cache middleware enabled for HTML responses
INFO:main:✅ Authentication middleware enabled
INFO:repositories.risk_repository:RiskRepository initialized with storage_dir: /workspaces/control_tower/systems3-project-reporter/data/risks
INFO:repositories.risk_repository:DATA_STORAGE_PATH env var: NOT SET
INFO:repositories.risk_repository:DATA_STORAGE_PATH env var: NOT SET
INFO:main:✅ Authentication routes enabled
INFO:main:✅ Canvas Editor Phase 2 enabled
INFO:repositories.custom_metrics_repository:CustomMetricsRepository initialized: data/custom_metrics
INFO:main:✅ Custom Metrics server-side persistence enabled
INFO:repositories.schedule_repository:ScheduleRepository initialized: /workspaces/control_tower/systems3-project-reporter/mock_data/schedules
INFO:main:✅ Schedule feature enabled
INFO:repositories.document_repository:DocumentRepository initialized: /workspaces/control_tower/systems3-project-reporter/mock_data/documents
INFO:main:✅ Documents feature enabled
INFO:repositories.risk_repository:RiskRepository initialized with storage_dir: /workspaces/control_tower/systems3-project-reporter/data/risks
INFO:repositories.risk_repository:DATA_STORAGE_PATH env var: NOT SET
INFO:repositories.risk_repository:DATA_STORAGE_PATH env var: NOT SET
INFO:main:✅ Enhanced PowerPoint Reports feature enabled
INFO:main:✅ Subscription and Stripe features enabled
INFO:     Started server process [84995]
INFO:     Waiting for application startup.
INFO:main:Starting Systems³ Project Reporter...
INFO:main:Python version: 3.12.11 (main, Jul 22 2025, 04:27:29) [GCC 10.2.1 20210110]
INFO:main:PORT: not set
INFO:init_data:✅ Data already initialized
INFO:root:✅ Loaded 3 projects from /workspaces/control_tower/systems3-project-reporter/mock_data
INFO:main:Loaded 3 projects successfully
INFO:main:Project ZCP-P1: 0 milestones, 0 risks
INFO:main:Project ZLD-P1: 184 milestones, 0 risks
INFO:main:Project AMP-P1: 46 milestones, 0 risks
INFO:main:Systems³ Project Reporter started successfully!
INFO:     Application startup complete.
WARNING:  WatchFiles detected changes in 'routers/upload.py'. Reloading...
INFO:     Shutting down
INFO:     Waiting for application shutdown.
INFO:     Application shutdown complete.
INFO:     Finished server process [84995]
⚠️  WARNING: Using placeholder Stripe API key. Please set STRIPE_SECRET_KEY in .env
   Get your keys from: https://dashboard.stripe.com/test/apikeys
INFO:main:Base directory: /workspaces/control_tower/systems3-project-reporter
INFO:main:Static directory: /workspaces/control_tower/systems3-project-reporter/static
INFO:main:Templates directory: /workspaces/control_tower/systems3-project-reporter/templates
INFO:main:Mock data directory: /workspaces/control_tower/systems3-project-reporter/mock_data
INFO:main:Data directory: /workspaces/control_tower/systems3-project-reporter/mock_data
INFO:main:DATA_STORAGE_PATH env var: NOT SET
INFO:main:✅ No-cache middleware enabled for HTML responses
INFO:main:✅ Authentication middleware enabled
INFO:repositories.risk_repository:RiskRepository initialized with storage_dir: /workspaces/control_tower/systems3-project-reporter/data/risks
INFO:repositories.risk_repository:DATA_STORAGE_PATH env var: NOT SET
INFO:repositories.risk_repository:DATA_STORAGE_PATH env var: NOT SET
INFO:main:✅ Authentication routes enabled
INFO:main:✅ Canvas Editor Phase 2 enabled
INFO:repositories.custom_metrics_repository:CustomMetricsRepository initialized: data/custom_metrics
INFO:main:✅ Custom Metrics server-side persistence enabled
INFO:repositories.schedule_repository:ScheduleRepository initialized: /workspaces/control_tower/systems3-project-reporter/mock_data/schedules
INFO:main:✅ Schedule feature enabled
INFO:repositories.document_repository:DocumentRepository initialized: /workspaces/control_tower/systems3-project-reporter/mock_data/documents
INFO:main:✅ Documents feature enabled
INFO:repositories.risk_repository:RiskRepository initialized with storage_dir: /workspaces/control_tower/systems3-project-reporter/data/risks
INFO:repositories.risk_repository:DATA_STORAGE_PATH env var: NOT SET
INFO:repositories.risk_repository:DATA_STORAGE_PATH env var: NOT SET
INFO:main:✅ Enhanced PowerPoint Reports feature enabled
INFO:main:✅ Subscription and Stripe features enabled
INFO:     Started server process [85166]
INFO:     Waiting for application startup.
INFO:main:Starting Systems³ Project Reporter...
INFO:main:Python version: 3.12.11 (main, Jul 22 2025, 04:27:29) [GCC 10.2.1 20210110]
INFO:main:PORT: not set
INFO:init_data:✅ Data already initialized
INFO:root:✅ Loaded 3 projects from /workspaces/control_tower/systems3-project-reporter/mock_data
INFO:main:Loaded 3 projects successfully
INFO:main:Project ZCP-P1: 0 milestones, 0 risks
INFO:main:Project ZLD-P1: 184 milestones, 0 risks
INFO:main:Project AMP-P1: 46 milestones, 0 risks
INFO:main:Systems³ Project Reporter started successfully!
INFO:     Application startup complete.
WARNING:  WatchFiles detected changes in 'routers/upload.py'. Reloading...
INFO:     Shutting down
INFO:     Waiting for application shutdown.
INFO:     Application shutdown complete.
INFO:     Finished server process [85166]
⚠️  WARNING: Using placeholder Stripe API key. Please set STRIPE_SECRET_KEY in .env
   Get your keys from: https://dashboard.stripe.com/test/apikeys
INFO:main:Base directory: /workspaces/control_tower/systems3-project-reporter
INFO:main:Static directory: /workspaces/control_tower/systems3-project-reporter/static
INFO:main:Templates directory: /workspaces/control_tower/systems3-project-reporter/templates
INFO:main:Mock data directory: /workspaces/control_tower/systems3-project-reporter/mock_data
INFO:main:Data directory: /workspaces/control_tower/systems3-project-reporter/mock_data
INFO:main:DATA_STORAGE_PATH env var: NOT SET
INFO:main:✅ No-cache middleware enabled for HTML responses
INFO:main:✅ Authentication middleware enabled
INFO:repositories.risk_repository:RiskRepository initialized with storage_dir: /workspaces/control_tower/systems3-project-reporter/data/risks
INFO:repositories.risk_repository:DATA_STORAGE_PATH env var: NOT SET
INFO:repositories.risk_repository:DATA_STORAGE_PATH env var: NOT SET
INFO:main:✅ Authentication routes enabled
INFO:main:✅ Canvas Editor Phase 2 enabled
INFO:repositories.custom_metrics_repository:CustomMetricsRepository initialized: data/custom_metrics
INFO:main:✅ Custom Metrics server-side persistence enabled
INFO:repositories.schedule_repository:ScheduleRepository initialized: /workspaces/control_tower/systems3-project-reporter/mock_data/schedules
INFO:main:✅ Schedule feature enabled
INFO:repositories.document_repository:DocumentRepository initialized: /workspaces/control_tower/systems3-project-reporter/mock_data/documents
INFO:main:✅ Documents feature enabled
INFO:repositories.risk_repository:RiskRepository initialized with storage_dir: /workspaces/control_tower/systems3-project-reporter/data/risks
INFO:repositories.risk_repository:DATA_STORAGE_PATH env var: NOT SET
INFO:repositories.risk_repository:DATA_STORAGE_PATH env var: NOT SET
INFO:main:✅ Enhanced PowerPoint Reports feature enabled
INFO:main:✅ Subscription and Stripe features enabled
INFO:     Started server process [85309]
INFO:     Waiting for application startup.
INFO:main:Starting Systems³ Project Reporter...
INFO:main:Python version: 3.12.11 (main, Jul 22 2025, 04:27:29) [GCC 10.2.1 20210110]
INFO:main:PORT: not set
INFO:init_data:✅ Data already initialized
INFO:root:✅ Loaded 3 projects from /workspaces/control_tower/systems3-project-reporter/mock_data
INFO:main:Loaded 3 projects successfully
INFO:main:Project ZCP-P1: 0 milestones, 0 risks
INFO:main:Project ZLD-P1: 184 milestones, 0 risks
INFO:main:Project AMP-P1: 46 milestones, 0 risks
INFO:main:Systems³ Project Reporter started successfully!
INFO:     Application startup complete.
